=== Big bosses failures ===

=== Bestiary failures ===
  (0,0) name=Bodies err=404
  (1,0) name=Larryjr err=http-403
  (7,0) name=Dukeofflies err=http-403
  (10,2) name=Flaminggaper err=404
  (21,0) name=Gurdyjr err=404
  (25,2) name=Drownedboomfly err=404
  (35,0) name=Chad err=http-403
  (38,0) name=Husk err=http-403
  (44,0) name=Hopperleaper err=http-403
  (58,1) name=Scaredparabite Scarred err=http-403
  (60,0) name=Bloat err=404
  (61,0) name=Muliboom err=404
  (70,0) name=Itlives err=404
  (74,0) name=Satan Leg err=404
  (75,0) name=Lblob err=404
  (83,0) name=Haunt err=404
  (110,0) name=Blue Baby err=404
  (142,0) name=Redmaw err=404
  (153,0) name=Blicker err=http-403
  (160,0) name=Membrain err=http-403
  (187,0) name=Maskandheart err=http-403
  (199,0) name=Parabite err=http-403
  (201,0) name=Brimstoneeye err=404
  (208,0) name=Fatsack err=404
  (210,0) name=Halfsack err=http-403
  (212,100) name=Smoky err=http-403
  (216,0) name=Dip Corn err=http-403
  (227,0) name=Boney Body err=http-403
  (230,0) name=Camillojr err=404
  (236,0) name=Broken Gapingmaw err=http-403
  (237,0) name=Gurgling Hands err=404
  (239,100) name=Corpse Eater err=404
  (240,100) name=Soicreep err=http-403
  (248,0) name=Psychic Horf err=404
  (252,0) name=Nullbody err=http-403
  (253,0) name=Psytumer err=http-403
  (256,0) name=Dartfly err=404
  (260,10) name=Lilhaunt err=http-403
  (279,0) name=Blackglobinhead err=http-403
  (280,0) name=Blackglobinbody err=http-403
  (285,0) name=Redghost err=http-403
  (290,0) name=Meatball err=404
  (293,0) name=Ultragreedcoins err=404
  (294,0) name=Ultragreeddoor err=http-403
  (300,0) name=Mushroomman err=http-403
  (303,0) name=Blister err=http-403
  (803,0) name=Blindbat err=404
  (804,0) name=Rockgrimace err=http-403
  (809,0) name=Bombgrimace err=404
  (816,0) name=Polty err=http-403
  (818,1) name=Tintedrockspider err=404
  (818,2) name=Coal err=http-403
  (820,0) name=Danny err=http-403
  (824,0) name=Gyro err=404
  (827,0) name=Faceless err=404
  (828,0) name=Echobat err=404
  (831,0) name=Necromancer err=http-403
  (834,0) name=Whipper Body err=http-403
  (834,1) name=Snapper Body err=404
  (834,2) name=Lunatic Body err=404
  (835,0) name=Swapper err=http-403
  (839,0) name=Strifer err=http-403
  (841,0) name=Revenant err=404
  (842,0) name=Nightwatch err=404
  (850,0) name=Barfy err=404
  (858,0) name=Vessel err=404
  (860,0) name=Unborn err=http-403
  (862,0) name=Cyst err=404
  (865,0) name=Evis err=404
  (903,0) name=Visage err=404
  (904,0) name=Siren err=404
  (905,0) name=Heretic err=404
  (906,0) name=Hornfel err=http-403
  (907,0) name=Gideon err=404
  (909,0) name=Scourge err=http-403
  (913,0) name=Min Min err=404
  (919,0) name=Raglich err=404
  (920,0) name=Horny Boys err=http-403
  (922,0) name=Cadavra err=http-403
